// Jest Snapshot v1, https://goo.gl/fbAQLP

exports[`Box tests basic tests matches the snapshot 1`] = `
.c2 {
  max-width: 100%;
  width: 100%;
  min-height: auto;
  margin: 0;
  background-color: #fff;
  border-radius: 4px;
  box-shadow: 0 2px 4px rgba(0,0,0,.2);
  font-size: inherit;
  font-family: Muli,sans-serif;
  box-sizing: border-box;
  position: relative;
}

.c3 {
  padding: 32px;
}

.c0 {
  width: 100%;
  margin: 0 0 24px;
}

.c1 {
  font-size: 14px;
}

.c4 {
  display: -webkit-box;
  display: -webkit-flex;
  display: -ms-flexbox;
  display: flex;
  -webkit-align-items: center;
  -webkit-box-align: center;
  -ms-flex-align: center;
  align-items: center;
  -webkit-box-pack: center;
  -webkit-justify-content: center;
  -ms-flex-pack: center;
  justify-content: center;
}

.c5 {
  display: -webkit-box;
  display: -webkit-flex;
  display: -ms-flexbox;
  display: flex;
  -webkit-flex-direction: column;
  -ms-flex-direction: column;
  flex-direction: column;
}

.c7 {
  display: -webkit-box;
  display: -webkit-flex;
  display: -ms-flexbox;
  display: flex;
  font-family: Poppins,sans-serif;
  font-size: 20px;
  font-weight: 600;
  color: #4b4c5c;
}

.c9 {
  width: 100%;
  font-size: 15px;
  color: #5e6175;
  padding: 12px 0 0;
  line-height: 1.7;
}

.c10 {
  -webkit-flex-basis: 100%;
  -ms-flex-preferred-size: 100%;
  flex-basis: 100%;
  -webkit-box-flex: 1;
  -webkit-flex-grow: 1;
  -ms-flex-positive: 1;
  flex-grow: 1;
  margin-top: 25px;
}

.c11 {
  background: #fff;
  display: none;
  width: 100%;
}

.c12 {
  display: none;
  position: absolute;
  right: 24px;
  top: 24px;
  width: 24px;
  height: 24px;
  border: none;
  background: none;
  padding: 0;
  cursor: pointer;
  color: #84889c;
}

.c6 {
  display: -webkit-box;
  display: -webkit-flex;
  display: -ms-flexbox;
  display: flex;
  -webkit-align-items: center;
  -webkit-box-align: center;
  -ms-flex-align: center;
  align-items: center;
  -webkit-box-pack: justify;
  -webkit-justify-content: space-between;
  -ms-flex-pack: justify;
  justify-content: space-between;
  height: 100%;
}

.c14 {
  display: -webkit-box;
  display: -webkit-flex;
  display: -ms-flexbox;
  display: flex;
  margin: 0 0 24px;
}

.c8 {
  display: -webkit-box;
  display: -webkit-flex;
  display: -ms-flexbox;
  display: flex;
  -webkit-align-items: center;
  -webkit-box-align: center;
  -ms-flex-align: center;
  align-items: center;
}

.c15 {
  font-size: 20px;
  font-weight: 600;
  font-family: Poppins,sans-serif;
  color: #5e6175;
  display: -webkit-box;
  display: -webkit-flex;
  display: -ms-flexbox;
  display: flex;
  -webkit-align-items: center;
  -webkit-box-align: center;
  -ms-flex-align: center;
  align-items: center;
}

.c13 {
  width: 100%;
  height: 100%;
  fill: currentColor;
}

<div
  className="c0"
>
  <div
    className="c1 c2"
    data-test-id="box"
  >
    <div
      className="c1 c3"
    >
      <div
        className="c4"
      >
        <div
          className="c5"
          open={true}
        >
          <div
            className="c6"
          >
            <div
              className="c7"
            >
              test
            </div>
            <div
              className="c8"
            />
          </div>
          <div
            className="c9"
          />
          <div
            className="c10"
          />
        </div>
        <div
          className="c11"
        >
          <button
            className="c12"
          >
            <svg
              aria-hidden="true"
              className="c13"
              focusable="false"
              viewBox="0 0 32 32"
            >
              <path
                d="M16 3a13 13 0 1 0 13 13A13 13 0 0 0 16 3zm0 24a11 11 0 1 1 11-11 11 11 0 0 1-11 11z"
              />
              <path
                d="M20.71 11.29a1 1 0 0 0-1.42 0L16 14.59l-3.29-3.3a1 1 0 0 0-1.42 1.42l3.3 3.29-3.3 3.29a1 1 0 0 0 0 1.42 1 1 0 0 0 1.42 0l3.29-3.3 3.29 3.3a1 1 0 0 0 1.42 0 1 1 0 0 0 0-1.42L17.41 16l3.3-3.29a1 1 0 0 0 0-1.42z"
              />
            </svg>
          </button>
          <div
            className="c14"
          >
            <div
              className="c15"
            >
              test MISSING: settings
            </div>
          </div>
        </div>
      </div>
    </div>
  </div>
</div>
`;
